[www.vapropertygroup.com.au/index.html]
[backblue.gif]
[fade.gif]
[index.html]
[www.vapropertygroup.com.au/f5e1f.txt]
[www.vapropertygroup.com.au/our-story.html]
[www.vapropertygroup.com.au/our-services.html]
[www.vapropertygroup.com.au/contact.html]
[lirp-cdn.multiscreensite.com/fe8b2e15/dms3rep/multi/opt/B+76387_JPL2_cropped-480w.png]
[lirp-cdn.multiscreensite.com/fe8b2e15/dms3rep/multi/opt/B+76387_JPL2_cropped-340w.png]
[www.vapropertygroup.com.au/schedule-an-appointment.html]
[www.vapropertygroup.com.au/acquisition-and-due-diligence.html]
[www.vapropertygroup.com.au/refurbishment-project-management.html]
[www.vapropertygroup.com.au/interior-staging-and-styling.html]
[www.vapropertygroup.com.au/property-management.html]
[irp-cdn.multiscreensite.com/fe8b2e15/dms3rep/multi/Property+Management_v2.png]
[www.vapropertygroup.com.au/short-term-rental-management.html]
[www.vapropertygroup.com.au/property-sales.html]
[irp-cdn.multiscreensite.com/fe8b2e15/dms3rep/multi/Sales+(2).jpg]
[www.vapropertygroup.com.au/e44.html]
[www.vapropertygroup.com.au/richcreek.html]
[www.vapropertygroup.com.au/prado.html]
[static-cdn.multiscreensite.com/mnlt/production/1223/_dm/s/rt/dist/css/d-css-foundation.min.css]
[dd-cdn.multiscreensite.com/fonts/additional-fonts.css]
[static-cdn.multiscreensite.com/mnlt/production/1223/_dm/s/rt/dist/css/css-font-package-v2.min.css]
[static-cdn.multiscreensite.com/mnlt/production/1223/_dm/s/rt/dist/css/d-css-runtime-desktop-one-package-new.min.css]
[irp-cdn.multiscreensite.com/WIDGET_CSS/production_1223/183f10e9a6d5b3d5becf52cd414baf54.css]
[irp-cdn.multiscreensite.com/fe8b2e15/files/fe8b2e15_1.min925c.css]
[irp-cdn.multiscreensite.com/fe8b2e15/files/fe8b2e15_home_1.min925c.css]
[ajax.googleapis.com/ajax/libs/jquery/2.2.4/jquery.min.js]
[static-cdn.multiscreensite.com/mnlt/production/1223/_dm/s/rt/dist/scripts/d-js-runtime-one-package.min.js]
[static-cdn.multiscreensite.com/mnlt/production/1223/_dm/s/rt/dist/scripts/d-js-one-runtime-layouts-package.min.js]
[static-cdn.multiscreensite.com/mnlt/production/1223/_dm/s/rt/dist/scripts/d-js-one-runtime-layouts-desktop.min.js]
[d32hwlnfiv2gyn.cloudfront.net/sp-2.0.0-dm-0.1.min.js]
[ssl.google-analytics.com/ga.js]
[www.vapropertygroup.com.au/index.html]
[cdn.jsdelivr.net/npm/lozad/dist/lozad.min.js]
[www.vapropertygroup.com.au/_dm/s/rt/actions/cacheKey.html]
[www.vapropertygroup.com.au/feed/rss2.html]
[www.vapropertygroup.com.au/feed/atom.html]
[irp-cdn.multiscreensite.com/fe8b2e15/dms3rep/multi/IMG_3101.jpg]
[lirp-cdn.multiscreensite.com/fe8b2e15/dms3rep/multi/opt/IMG_3101-1920w.jpg]
[lirp-cdn.multiscreensite.com/fe8b2e15/dms3rep/multi/opt/IMG_3101-2880w.jpg]
[www.vapropertygroup.com.au/kate-braybrook.html]
[lirp-cdn.multiscreensite.com/fe8b2e15/dms3rep/multi/opt/KateBraybrook_cropped-480w.png]
[www.vapropertygroup.com.au/mark-braybrook.html]
[lirp-cdn.multiscreensite.com/fe8b2e15/dms3rep/multi/opt/Mark+Braybrook_V4-480w.png]
[www.vapropertygroup.com.au/our-story.html]
[static-cdn.multiscreensite.com/mnlt/production/1229/_dm/s/rt/dist/css/d-css-foundation.min.css]
[static-cdn.multiscreensite.com/mnlt/production/1229/_dm/s/rt/dist/css/css-font-package-v2.min.css]
[static-cdn.multiscreensite.com/mnlt/production/1229/_dm/s/rt/dist/css/d-css-runtime-desktop-one-package-new.min.css]
[irp-cdn.multiscreensite.com/WIDGET_CSS/production_1229/004b5bdd245110b6c6336267aa0e53b8.css]
[irp-cdn.multiscreensite.com/fe8b2e15/dms3rep/multi/Acquisition+&+Due+Diligence.jpg]
[lirp-cdn.multiscreensite.com/fe8b2e15/dms3rep/multi/opt/Acquisition+&+Due+Diligence-1920w.jpg]
[lirp-cdn.multiscreensite.com/fe8b2e15/dms3rep/multi/opt/Acquisition+&+Due+Diligence-2880w.jpg]
[static-cdn.multiscreensite.com/mnlt/production/1229/_dm/s/rt/dist/scripts/d-js-runtime-one-package.min.js]
[static-cdn.multiscreensite.com/mnlt/production/1229/_dm/s/rt/dist/scripts/d-js-one-runtime-layouts-package.min.js]
[static-cdn.multiscreensite.com/mnlt/production/1229/_dm/s/rt/dist/scripts/d-js-one-runtime-layouts-desktop.min.js]
[lirp-cdn.multiscreensite.com/fe8b2e15/dms3rep/multi/opt/Acquisition+&+Due+Diligence-1680w.jpg]
[www.vapropertygroup.com.au/our-services.html]
[lirp-cdn.multiscreensite.com/fe8b2e15/dms3rep/multi/opt/Kitchen+After-944948ba-1920w.jpg]
[irp-cdn.multiscreensite.com/fe8b2e15/dms3rep/multi/shutterstock_1018259074.jpg]
[lirp-cdn.multiscreensite.com/fe8b2e15/dms3rep/multi/opt/shutterstock_1018259074-1920w.jpg]
[lirp-cdn.multiscreensite.com/fe8b2e15/dms3rep/multi/opt/shutterstock_1018259074-2880w.jpg]
[www.vapropertygroup.com.au/contact.html]
[www.vapropertygroup.com.au/schedule-an-appointment.html]
[www.vapropertygroup.com.au/acquisition-and-due-diligence.html]
[irp-cdn.multiscreensite.com/WIDGET_CSS/production_1223/004b5bdd245110b6c6336267aa0e53b8.css]
[irp-cdn.multiscreensite.com/WIDGET_CSS/production_1223/4b28541d819dfc4d03b7fa233cbf2f34.css]
[irp-cdn.multiscreensite.com/fe8b2e15/dms3rep/multi/Refurbishment+-+After.jpg]
[lirp-cdn.multiscreensite.com/fe8b2e15/dms3rep/multi/opt/Refurbishment+-+After-1920w.jpg]
[lirp-cdn.multiscreensite.com/fe8b2e15/dms3rep/multi/opt/Refurbishment+-+After-2880w.jpg]
[lirp-cdn.multiscreensite.com/fe8b2e15/dms3rep/multi/opt/Ag1-1920w.jpg]
[lirp-cdn.multiscreensite.com/fe8b2e15/dms3rep/multi/opt/8-1920w.jpg]
[lirp-cdn.multiscreensite.com/fe8b2e15/dms3rep/multi/opt/3-298490b5-1920w.jpg]
[lirp-cdn.multiscreensite.com/fe8b2e15/dms3rep/multi/opt/20-2e5a9b32-1920w.jpg]
[www.vapropertygroup.com.au/refurbishment-project-management.html]
[irp-cdn.multiscreensite.com/fe8b2e15/dms3rep/multi/Staging+&+Styling_v2.png]
[lirp-cdn.multiscreensite.com/fe8b2e15/dms3rep/multi/opt/Staging+&+Styling_v2-1920w.png]
[lirp-cdn.multiscreensite.com/fe8b2e15/dms3rep/multi/opt/Staging+&+Styling_v2-2880w.png]
[lirp-cdn.multiscreensite.com/fe8b2e15/dms3rep/multi/opt/IMG_3239-1920w.jpg]
[lirp-cdn.multiscreensite.com/fe8b2e15/dms3rep/multi/opt/001-1b627a8c-1920w.jpg]
[lirp-cdn.multiscreensite.com/fe8b2e15/dms3rep/multi/opt/IMG_3137-1920w.jpg]
[lirp-cdn.multiscreensite.com/fe8b2e15/dms3rep/multi/opt/CT4A8865-1920w.jpg]
[lirp-cdn.multiscreensite.com/fe8b2e15/dms3rep/multi/opt/16+-+Bedroom-1920w.jpg]
[lirp-cdn.multiscreensite.com/fe8b2e15/dms3rep/multi/opt/CT4A8859-1920w.jpg]
[lirp-cdn.multiscreensite.com/fe8b2e15/dms3rep/multi/opt/CT4A8854-1920w.jpg]
[lirp-cdn.multiscreensite.com/fe8b2e15/dms3rep/multi/opt/06+-+Living-1920w.jpg]
[lirp-cdn.multiscreensite.com/fe8b2e15/dms3rep/multi/opt/007-1920w.jpg]
[lirp-cdn.multiscreensite.com/fe8b2e15/dms3rep/multi/opt/_MG_9174-1421837-1920w.jpg]
[lirp-cdn.multiscreensite.com/fe8b2e15/dms3rep/multi/opt/08+-+Living-1920w.jpg]
[lirp-cdn.multiscreensite.com/fe8b2e15/dms3rep/multi/opt/09+-+Meals-1920w.jpg]
[lirp-cdn.multiscreensite.com/fe8b2e15/dms3rep/multi/opt/014-1920w.jpg]
[lirp-cdn.multiscreensite.com/fe8b2e15/dms3rep/multi/opt/_MG_9052-1421810-1920w.jpg]
[lirp-cdn.multiscreensite.com/fe8b2e15/dms3rep/multi/opt/_MG_9183-1421818-1920w.jpg]
[lirp-cdn.multiscreensite.com/fe8b2e15/dms3rep/multi/opt/_MG_9043-1421804-1920w.jpg]
[www.vapropertygroup.com.au/interior-staging-and-styling.html]
[lirp-cdn.multiscreensite.com/fe8b2e15/dms3rep/multi/opt/Property+Management_v2-1920w.png]
[lirp-cdn.multiscreensite.com/fe8b2e15/dms3rep/multi/opt/Property+Management_v2-2880w.png]
[lirp-cdn.multiscreensite.com/fe8b2e15/dms3rep/multi/opt/Property+Management_v2-1680w.png]
[www.vapropertygroup.com.au/property-management.html]
[irp-cdn.multiscreensite.com/fe8b2e15/dms3rep/multi/Short+Term+Rental+Management.jpg]
[lirp-cdn.multiscreensite.com/fe8b2e15/dms3rep/multi/opt/Short+Term+Rental+Management-1920w.jpg]
[lirp-cdn.multiscreensite.com/fe8b2e15/dms3rep/multi/opt/Short+Term+Rental+Management-2880w.jpg]
[lirp-cdn.multiscreensite.com/fe8b2e15/dms3rep/multi/opt/Short+Term+Rental+Management-1680w.jpg]
[www.vapropertygroup.com.au/short-term-rental-management.html]
[irp-cdn.multiscreensite.com/fe8b2e15/dms3rep/multi/Kitchen+After-abfed38a.jpg]
[lirp-cdn.multiscreensite.com/fe8b2e15/dms3rep/multi/opt/Kitchen+After-abfed38a-1920w.jpg]
[lirp-cdn.multiscreensite.com/fe8b2e15/dms3rep/multi/opt/Kitchen+After-abfed38a-2880w.jpg]
[lirp-cdn.multiscreensite.com/fe8b2e15/dms3rep/multi/opt/Woodland+Hero-1920w.jpg]
[lirp-cdn.multiscreensite.com/fe8b2e15/dms3rep/multi/opt/Tub+After-1920w.jpg]
[lirp-cdn.multiscreensite.com/fe8b2e15/dms3rep/multi/opt/Living+and+Kitchen-1920w.jpg]
[lirp-cdn.multiscreensite.com/fe8b2e15/dms3rep/multi/opt/Bathroom+After-0967953d-1920w.jpg]
[lirp-cdn.multiscreensite.com/fe8b2e15/dms3rep/multi/opt/Kitchen+and+Living+After-1920w.jpg]
[lirp-cdn.multiscreensite.com/fe8b2e15/dms3rep/multi/opt/Front+After-78b74ae8-1920w.jpg]
[www.vapropertygroup.com.au/property-sales.html]
[irp-cdn.multiscreensite.com/WIDGET_CSS/production_1229/563d990829a390e58b0da4e50d42d8f2.css]
[irp-cdn.multiscreensite.com/fe8b2e15/dms3rep/multi/Kitchen+After.jpg]
[lirp-cdn.multiscreensite.com/fe8b2e15/dms3rep/multi/opt/Kitchen+After-1920w.jpg]
[lirp-cdn.multiscreensite.com/fe8b2e15/dms3rep/multi/opt/Kitchen+After-2880w.jpg]
[lirp-cdn.multiscreensite.com/fe8b2e15/dms3rep/multi/opt/Kitchen+Before-1920w.jpg]
[www.vapropertygroup.com.au/e44.html]
[irp-cdn.multiscreensite.com/fe8b2e15/dms3rep/multi/Richcreek+Hero.jpg]
[lirp-cdn.multiscreensite.com/fe8b2e15/dms3rep/multi/opt/Richcreek+Hero-1920w.jpg]
[lirp-cdn.multiscreensite.com/fe8b2e15/dms3rep/multi/opt/Richcreek+Hero-2880w.jpg]
[lirp-cdn.multiscreensite.com/fe8b2e15/dms3rep/multi/opt/Kitchen+Before-f22e0b9b-1920w.jpg]
[www.vapropertygroup.com.au/richcreek.html]
[irp-cdn.multiscreensite.com/fe8b2e15/dms3rep/multi/Kitchen+After-944948ba.jpg]
[lirp-cdn.multiscreensite.com/fe8b2e15/dms3rep/multi/opt/Kitchen+After-944948ba-2880w.jpg]
[lirp-cdn.multiscreensite.com/fe8b2e15/dms3rep/multi/opt/Front+Before-1920w.JPG]
[lirp-cdn.multiscreensite.com/fe8b2e15/dms3rep/multi/opt/Front+After-6c320a4f-1920w.jpg]
[www.vapropertygroup.com.au/prado.html]
[static-cdn.multiscreensite.com/mnlt/production/1223/_dm/s/rt/dist/css/d-css-foundation.min.css]
[dd-cdn.multiscreensite.com/fonts/additional-fonts.css]
[static-cdn.multiscreensite.com/mnlt/production/1223/_dm/s/rt/dist/css/css-font-package-v2.min.css]
[static-cdn.multiscreensite.com/mnlt/production/1223/_dm/s/rt/dist/css/d-css-runtime-desktop-one-package-new.min.css]
[irp-cdn.multiscreensite.com/_dm/s/rt/scripts/vendor/photoswipe4/icons/default-skin.png]
[irp-cdn.multiscreensite.com/_dm/s/rt/scripts/vendor/photoswipe4/icons/preloader.gif]
[irp-cdn.multiscreensite.com/_dm/s/rt/scripts/vendor/photoSwipe/icons@2x.png]
[dd-cdn.multiscreensite.com/runtime-img/galleryLoader.gif]
[irp-cdn.multiscreensite.com/WIDGET_CSS/production_1223/183f10e9a6d5b3d5becf52cd414baf54.css]
[dp-cdn.multiscreensite.com/bfsImages/sunset-hair.jpg]
[irp-cdn.multiscreensite.com/fe8b2e15/files/fe8b2e15_1.min925c.css]
[lirp-cdn.multiscreensite.com/fe8b2e15/dms3rep/multi/opt/Home+Page+1-1920w.jpg]
[irp-cdn.multiscreensite.com/fe8b2e15/files/fe8b2e15_home_1.min925c.css]
[app.multiscreenstore.com/script.html]
[irp-cdn.multiscreensite.com/fe8b2e15/dms3rep/multi/Home+Page+1.jpg]
[lirp-cdn.multiscreensite.com/fe8b2e15/dms3rep/multi/opt/Home+Page+1-2880w.jpg]
[lirp-cdn.multiscreensite.com/fe8b2e15/dms3rep/multi/opt/KateBraybrook_cropped-960w.png]
[www.vapropertygroup.com.au/kate-braybrook.html]
[lirp-cdn.multiscreensite.com/fe8b2e15/dms3rep/multi/opt/Mark+Braybrook_V4-960w.png]
[www.vapropertygroup.com.au/mark-braybrook.html]
[static-cdn.multiscreensite.com/mnlt/production/1229/_dm/s/rt/dist/css/d-css-foundation.min.css]
[static-cdn.multiscreensite.com/mnlt/production/1229/_dm/s/rt/dist/css/css-font-package-v2.min.css]
[static-cdn.multiscreensite.com/mnlt/production/1229/_dm/s/rt/dist/css/d-css-runtime-desktop-one-package-new.min.css]
[irp-cdn.multiscreensite.com/WIDGET_CSS/production_1229/004b5bdd245110b6c6336267aa0e53b8.css]
[irp-cdn.multiscreensite.com/WIDGET_CSS/production_1223/004b5bdd245110b6c6336267aa0e53b8.css]
[irp-cdn.multiscreensite.com/WIDGET_CSS/production_1223/4b28541d819dfc4d03b7fa233cbf2f34.css]
[irp-cdn.multiscreensite.com/WIDGET_CSS/production_1229/563d990829a390e58b0da4e50d42d8f2.css]
[irp-cdn.multiscreensite.com/editor/nee/images/common/2ColumnsArrows.png]
[irp-cdn.multiscreensite.com/editor/nee/images/common/bluePic.png]
